---
source: crates/aion-providers/src/anthropic.rs
expression: p.build_request_body(&r)
---
{
  "max_tokens": 8192,
  "messages": [
    {
      "content": [
        {
          "text": "go",
          "type": "text"
        }
      ],
      "role": "user"
    }
  ],
  "model": "test-model",
  "stream": true,
  "system": [
    {
      "cache_control": {
        "type": "ephemeral"
      },
      "text": "You are a test assistant.",
      "type": "text"
    }
  ],
  "tools": [
    {
      "description": "Read",
      "input_schema": {
        "$schema": "https://json-schema.org/draft/2020-12/schema",
        "properties": {
          "path": {
            "type": "string"
          }
        },
        "required": [
          "path"
        ],
        "type": "object"
      },
      "name": "read"
    },
    {
      "cache_control": {
        "type": "ephemeral"
      },
      "description": "List",
      "input_schema": {
        "$schema": "https://json-schema.org/draft/2020-12/schema",
        "properties": {},
        "type": "object"
      },
      "name": "list"
    }
  ]
}
